
> backend@1.0.0 test
> jest

node.exe : ÔùÅ 
Validation Warning:
Au caractère Ligne:1 
: 1
+ & "C:\Program Files
\nodejs/node.exe" 
"C:\Program 
Files\nodejs/node_mo 
...
+ ~~~~~~~~~~~~~~~~~~~
~~~~~~~~~~~~~~~~~~~~~
~~~~~~~~~~~~~~~~~~~~~
~~~~~~~~
    + CategoryInfo   
           : NotSpe  
  cified: (ÔùÅ Val   
 idation Warning:    
:String) [], Rem    
oteException
    + FullyQualified 
   ErrorId : Native  
  CommandError
 

  Unknown option 
"moduleNameMapping" 
with value {"^(\\.{1,
2}/.*)\\.js$": "$1"} 
was found.
  This is probably a 
typing mistake. 
Fixing it will 
remove this message.

  Configuration 
Documentation:
  https://jestjs.io/d
ocs/configuration

ÔùÅ Validation 
Warning:

  Unknown option 
"moduleNameMapping" 
with value {"^(\\.{1,
2}/.*)\\.js$": "$1"} 
was found.
  This is probably a 
typing mistake. 
Fixing it will 
remove this message.

  Configuration 
Documentation:
  https://jestjs.io/d
ocs/configuration

PASS src/tests/traile
rController.test.js
PASS src/tests/authSe
rvice.test.js
FAIL src/tests/truckC
ontroller.test.js
  ÔùÅ Truck 
Controller Tests ÔÇ║ 
Create Truck ÔÇ║ 
should create a new 
truck successfully

    expect(jest.fn())
.toHaveBeenCalled()

    Expected number 
of calls: >= 1
    Received number 
of calls:    0

    [0m [90m 76 
|[39m
     [90m 77 |[39m 
            [90m// 
Assert[39m
    [31m[1m>[22m[
39m[90m 78 |[39m   
          expect(mock
Truck[33m.[39msave)
[33m.[39mtoHaveBeen
Called()[33m;[39m
     [90m    |[39m 
                     
              
[31m[1m^[22m[39m
     [90m 79 |[39m 
            expect(re
s[33m.[39mstatus)[
33m.[39mtoHaveBeenCa
lledWith([35m201[39
m)[33m;[39m
     [90m 80 |[39m 
            expect(re
s[33m.[39mjson)[33
m.[39mtoHaveBeenCall
edWith(mockSavedTruck
)[33m;[39m
     [90m 81 |[39m 
        
})[33m;[39m[0m

      at Object.toHav
eBeenCalled (src/test
s/truckController.tes
t.js:78:36)

  ÔùÅ Truck 
Controller Tests ÔÇ║ 
Create Truck ÔÇ║ 
should handle error 
when creating truck

    expect(jest.fn())
.toHaveBeenCalledWith
(...expected)

    - Expected
    + Received

      Object {
    -   "message": 
"Validation error",
    +   "message": 
"faild to add new 
truck",
      },

    Number of calls: 
1

    [0m [90m 94 
|[39m             
[90m// Assert[39m
     [90m 95 |[39m 
            expect(re
s[33m.[39mstatus)[
33m.[39mtoHaveBeenCa
lledWith([35m400[39
m)[33m;[39m
    [31m[1m>[22m[
39m[90m 96 |[39m   
          expect(res
[33m.[39mjson)[33m.
[39mtoHaveBeenCalled
With({ 
message[33m:[39m 
[32m'Validation 
error'[39m 
})[33m;[39m
     [90m    |[39m 
                     
        
[31m[1m^[22m[39m
     [90m 97 |[39m 
        })[33m;[39m
     [90m 98 |[39m 
    })[33m;[39m
     [90m 99 
|[39m[0m

      at Object.toHav
eBeenCalledWith (src/
tests/truckController
.test.js:96:30)

  ÔùÅ Truck 
Controller Tests ÔÇ║ 
Delete Truck ÔÇ║ 
should delete truck 
successfully

    expect(jest.fn())
.toHaveBeenCalledWith
(...expected)

    Expected: 
"truck123"

    Number of calls: 
0

    [0m [90m 146 
|[39m
     [90m 147 
|[39m             
[90m// Assert[39m
    [31m[1m>[22m[
39m[90m 148 |[39m  
           expect([3
3mTruck[39m[33m.[3
9mfindByIdAndDelete)
[33m.[39mtoHaveBeenC
alledWith(truckId)[3
3m;[39m
     [90m     
|[39m               
                     
         
[31m[1m^[22m[39m
     [90m 149 
|[39m             ex
pect(res[33m.[39mjs
on)[33m.[39mtoHaveB
eenCalledWith({ 
message[33m:[39m 
[32m'Truck deleted 
successfully'[39m 
})[33m;[39m
     [90m 150 
|[39m         
})[33m;[39m
     [90m 151 
|[39m[0m

      at Object.toHav
eBeenCalledWith (src/
tests/truckController
.test.js:148:45)

PASS src/tests/pdfCon
troller.test.js
  ÔùÅ Console

    console.log
      PDF Request - 
User: driver123 
Role: driver Trip 
ID: trip123

      at log (src/con
trollers/pdfControlle
r.js:7:13)

    console.log
      PDF Query: {"_i
d":"trip123","driver"
:"driver123"}

      at log (src/con
trollers/pdfControlle
r.js:14:13)

    console.log
      PDF 
Generation: Trip 
found, generating 
PDF...

      at log (src/con
trollers/pdfControlle
r.js:26:13)

    console.log
      PDF Request - 
User: driver123 
Role: driver Trip 
ID: trip123

      at log (src/con
trollers/pdfControlle
r.js:7:13)

    console.log
      PDF Query: {"_i
d":"trip123","driver"
:"driver123"}

      at log (src/con
trollers/pdfControlle
r.js:14:13)

    console.log
      PDF Error: 
Trip not found

      at log (src/con
trollers/pdfControlle
r.js:22:15)

    console.log
      PDF Request - 
User: admin123 Role: 
admin Trip ID: 
trip123

      at log (src/con
trollers/pdfControlle
r.js:7:13)

    console.log
      PDF Query: 
{"_id":"trip123"}

      at log (src/con
trollers/pdfControlle
r.js:14:13)

    console.log
      PDF 
Generation: Trip 
found, generating 
PDF...

      at log (src/con
trollers/pdfControlle
r.js:26:13)

FAIL src/tests/admin.
test.js
  ÔùÅ Test suite 
failed to run

    Cannot find 
module '../constrolle
rs/adminController' 
from 'src/tests/admin
.test.js'

    [0m[31m[1m>[2
2m[39m[90m 1 
|[39m 
[36mimport[39m 
[33m*[39m 
[36mas[39m 
adminController 
[36mfrom[39m [32m'
../constrollers/admin
Controller'[39m[33m
;[39m
     [90m   |[39m 
[31m[1m^[22m[39m
     [90m 2 |[39m
     [90m 3 
|[39m[0m

      at Resolver._th
rowModNotFoundError (
node_modules/jest-res
olve/build/resolver.j
s:427:11)
      at 
Object.require (src/t
ests/admin.test.js:1:
1)

FAIL src/tests/tireCo
ntroller.test.js
  ÔùÅ Test suite 
failed to run

    TypeError: 
Cannot read 
properties of 
undefined (reading 'S
ymbol(mongoose#Docume
nt#scope)')

    [0m[31m[1m>[2
2m[39m[90m 1 
|[39m 
[36mimport[39m 
[33mTire[39m 
[36mfrom[39m [32m'
../models/tire.js'[3
9m[33m;[39m
     [90m   |[39m 
[31m[1m^[22m[39m
     [90m 2 |[39m
     [90m 3 |[39m 
[90m// Simple tire 
controller - easy to 
understand[39m
     [90m 4 |[39m 
[36mexport[39m 
[36mconst[39m 
getAllTires 
[33m=[39m 
[36masync[39m 
(req[33m,[39m res) 
[33m=>[39m {[0m

      at Model.get 
[as model] (node_modu
les/mongoose/lib/help
ers/document/compile.
js:198:19)
          at 
Array.forEach 
(<anonymous>)
          at 
Array.forEach 
(<anonymous>)
          at 
Array.forEach 
(<anonymous>)
      at 
Object.require (src/c
ontrollers/tireContro
ller.js:1:1)
      at 
Object.require (src/t
ests/tireController.t
est.js:1:1)

PASS src/tests/mainte
nanceService.test.js
FAIL src/tests/tripSe
rvice.test.js
  ÔùÅ Trip Service 
Tests ÔÇ║ Get Trips 
by Driver ÔÇ║ should 
return trips for a 
specific driver

    Failed to get 
driver trips

    [0m [90m 11 
|[39m             [
33m.[39mpopulate([3
2m'trailer'[39m[33m
,[39m [32m'immatric
ulation'[39m)[33m;
[39m
     [90m 12 |[39m 
    } 
[36mcatch[39m 
(error) {
    [31m[1m>[22m[
39m[90m 13 |[39m   
      
[36mthrow[39m 
[36mnew[39m [33mEr
ror[39m([32m'Failed
 to get driver trips'
[39m)[33m;[39m
     [90m    |[39m 
              
[31m[1m^[22m[39m
     [90m 14 |[39m 
    }
     [90m 15 |[39m 
}[33m;[39m
     [90m 16 
|[39m[0m

      at Object.getTr
ipsAssignedByDriverId
 (src/services/tripSe
rvice.js:13:15)
      at Object.getTr
ipsAssignedByDriverId
 (src/tests/tripServi
ce.test.js:44:46)

PASS src/tests/tripSt
atusValidation.test.j
s
----------------------------|---------|----------|---------|---------|-----------------------------------
File                        | % Stmts | % Branch | % Funcs | % Lines | Uncovered Line #s                 
----------------------------|---------|----------|---------|---------|-----------------------------------
All files                   |   23.03 |    24.64 |   19.04 |   23.18 |                                   
 config                     |       0 |        0 |       0 |       0 |                                   
  db.js                     |       0 |        0 |       0 |       0 | 3-16                              
 controllers                |   17.04 |     12.5 |      15 |   17.27 |                                   
  AdminController.js        |       0 |        0 |       0 |       0 | 5-83                              
  DriverController.js       |       0 |      100 |       0 |       0 | 3-44                              
  authController.js         |       0 |        0 |       0 |       0 | 3-40                              
  maintenanceController.js  |       0 |        0 |       0 |       0 | 5-100                             
  pdfController.js          |   78.57 |     62.5 |     100 |   78.57 | 29-31                             
  reportsController.js      |       0 |        0 |       0 |       0 | 7-163                             
  tireController.js         |       0 |        0 |       0 |       0 | 4-59                              
  trailerController.js      |      80 |       50 |     100 |      80 | 8,26,30,38,42                     
  tripController.js         |       0 |        0 |       0 |       0 | 7-89                              
  truckController.js        |   80.76 |    66.66 |     100 |   80.76 | 21-26,38,48-50                    
 middlewares                |       0 |        0 |       0 |       0 |                                   
  auth.js                   |       0 |        0 |       0 |       0 | 5-40                              
  errorHandler.js           |       0 |        0 |       0 |       0 | 1-15                              
  validation.js             |       0 |        0 |       0 |       0 | 4-57                              
 models                     |   54.54 |        0 |       0 |   54.54 |                                   
  fuel.js                   |       0 |      100 |     100 |       0 | 4                                 
  maintenance.js            |     100 |      100 |     100 |     100 |                                   
  tire.js                   |       0 |      100 |     100 |       0 | 3                                 
  trailer.js                |     100 |      100 |     100 |     100 |                                   
  trip.js                   |      40 |        0 |       0 |      40 | 37-40                             
  truck.js                  |     100 |      100 |     100 |     100 |                                   
  user.js                   |     100 |      100 |     100 |     100 |                                   
 routes                     |       0 |      100 |     100 |       0 |                                   
  DriverRoutes.js           |       0 |      100 |     100 |       0 | 11-23                             
  adminRoutes.js            |       0 |      100 |     100 |       0 | 5-11                              
  authRoutes.js             |       0 |      100 |     100 |       0 | 7-11                              
  maintenanceRoutes.js      |       0 |      100 |     100 |       0 | 11-18                             
  reportsRoutes.js          |       0 |      100 |     100 |       0 | 11-18                             
  tireRoutes.js             |       0 |      100 |     100 |       0 | 5-12                              
  trailerRoutes.js          |       0 |      100 |     100 |       0 | 5-11                              
  tripRoutes.js             |       0 |      100 |     100 |       0 | 5-12                              
  truckRoutes.js            |       0 |      100 |     100 |       0 | 5-10                              
 services                   |   42.85 |    44.61 |   32.35 |    42.8 |                                   
  authService.js            |      96 |      100 |      80 |      96 | 75                                
  generateTripPDFService.js |       0 |        0 |       0 |       0 |                                   
  maintenanceService.js     |   65.51 |    61.76 |      40 |   65.51 | 50-67,73-78,103-104,120-128       
  tireServices.js           |       0 |        0 |       0 |       0 | 4-71                              
  trailerServices.js        |       0 |        0 |       0 |       0 | 3-42                              
  tripService.js            |   55.22 |    51.92 |      60 |   55.22 | 71,75,85,90-93,99,117-142,147-172 
  truckService.js           |    37.5 |    18.18 |   33.33 |   36.66 | 10,20,30,34,38-69,76-80           
  userService.js            |       0 |        0 |       0 |       0 | 5-39                              
 utils                      |    1.51 |        0 |       0 |    1.56 |                                   
  generateTripPDF.js        |    1.51 |        0 |       0 |    1.56 | 4-93                              
----------------------------|---------|----------|---------|---------|-----------------------------------

Test Suites: 4 
failed, 5 passed, 9 
total
Tests:       4 
failed, 31 passed, 
35 total
Snapshots:   0 total
Time:        5.542 s
Ran all test suites.
